Analysis & Synthesis report for Project
Sat Jun 05 16:17:18 2021
Quartus Prime Version 20.1.1 Build 720 11/11/2020 SJ Lite Edition


---------------------
; Table of Contents ;
---------------------
  1. Legal Notice
  2. Analysis & Synthesis Summary
  3. Analysis & Synthesis Settings
  4. Parallel Compilation
  5. Analysis & Synthesis Source Files Read
  6. Analysis & Synthesis Resource Usage Summary
  7. Analysis & Synthesis Resource Utilization by Entity
  8. Analysis & Synthesis RAM Summary
  9. State Machine - |Project|ButtonSync:BS|State
 10. Registers Removed During Synthesis
 11. General Register Statistics
 12. Multiplexer Restructuring Statistics (Restructuring Performed)
 13. Source assignments for Processor:processor|Control_Unit:Controller|InstructionMemory:Imem|AlteraROM:unit1|altsyncram:altsyncram_component|altsyncram_ni91:auto_generated
 14. Source assignments for Processor:processor|Datapath:Data_Path|Data_Memory:Dmem|AlteraDmem:unit0|altsyncram:altsyncram_component|altsyncram_u1h1:auto_generated
 15. Parameter Settings for User Entity Instance: Processor:processor|Control_Unit:Controller|InstructionMemory:Imem|AlteraROM:unit1|altsyncram:altsyncram_component
 16. Parameter Settings for User Entity Instance: Processor:processor|Datapath:Data_Path|Data_Memory:Dmem|AlteraDmem:unit0|altsyncram:altsyncram_component
 17. altsyncram Parameter Settings by Entity Instance
 18. Post-Synthesis Netlist Statistics for Top Partition
 19. Elapsed Time Per Partition
 20. Analysis & Synthesis Messages



----------------
; Legal Notice ;
----------------
Copyright (C) 2020  Intel Corporation. All rights reserved.
Your use of Intel Corporation's design tools, logic functions 
and other software and tools, and any partner logic 
functions, and any output files from any of the foregoing 
(including device programming or simulation files), and any 
associated documentation or information are expressly subject 
to the terms and conditions of the Intel Program License 
Subscription Agreement, the Intel Quartus Prime License Agreement,
the Intel FPGA IP License Agreement, or other applicable license
agreement, including, without limitation, that your use is for
the sole purpose of programming logic devices manufactured by
Intel and sold by Intel or its authorized distributors.  Please
refer to the applicable agreement for further details, at
https://fpgasoftware.intel.com/eula.



+----------------------------------------------------------------------------------+
; Analysis & Synthesis Summary                                                     ;
+------------------------------------+---------------------------------------------+
; Analysis & Synthesis Status        ; Successful - Sat Jun 05 16:17:18 2021       ;
; Quartus Prime Version              ; 20.1.1 Build 720 11/11/2020 SJ Lite Edition ;
; Revision Name                      ; Project                                     ;
; Top-level Entity Name              ; Project                                     ;
; Family                             ; Cyclone IV E                                ;
; Total logic elements               ; 853                                         ;
;     Total combinational functions  ; 594                                         ;
;     Dedicated logic registers      ; 321                                         ;
; Total registers                    ; 321                                         ;
; Total pins                         ; 67                                          ;
; Total virtual pins                 ; 0                                           ;
; Total memory bits                  ; 6,144                                       ;
; Embedded Multiplier 9-bit elements ; 0                                           ;
; Total PLLs                         ; 0                                           ;
+------------------------------------+---------------------------------------------+


+------------------------------------------------------------------------------------------------------------+
; Analysis & Synthesis Settings                                                                              ;
+------------------------------------------------------------------+--------------------+--------------------+
; Option                                                           ; Setting            ; Default Value      ;
+------------------------------------------------------------------+--------------------+--------------------+
; Device                                                           ; EP4CE115F29C7      ;                    ;
; Top-level entity name                                            ; Project            ; Project            ;
; Family name                                                      ; Cyclone IV E       ; Cyclone V          ;
; Use smart compilation                                            ; Off                ; Off                ;
; Enable parallel Assembler and Timing Analyzer during compilation ; On                 ; On                 ;
; Enable compact report table                                      ; Off                ; Off                ;
; Restructure Multiplexers                                         ; Auto               ; Auto               ;
; Create Debugging Nodes for IP Cores                              ; Off                ; Off                ;
; Preserve fewer node names                                        ; On                 ; On                 ;
; Intel FPGA IP Evaluation Mode                                    ; Enable             ; Enable             ;
; Verilog Version                                                  ; Verilog_2001       ; Verilog_2001       ;
; VHDL Version                                                     ; VHDL_1993          ; VHDL_1993          ;
; State Machine Processing                                         ; Auto               ; Auto               ;
; Safe State Machine                                               ; Off                ; Off                ;
; Extract Verilog State Machines                                   ; On                 ; On                 ;
; Extract VHDL State Machines                                      ; On                 ; On                 ;
; Ignore Verilog initial constructs                                ; Off                ; Off                ;
; Iteration limit for constant Verilog loops                       ; 5000               ; 5000               ;
; Iteration limit for non-constant Verilog loops                   ; 250                ; 250                ;
; Add Pass-Through Logic to Inferred RAMs                          ; On                 ; On                 ;
; Infer RAMs from Raw Logic                                        ; On                 ; On                 ;
; Parallel Synthesis                                               ; On                 ; On                 ;
; DSP Block Balancing                                              ; Auto               ; Auto               ;
; NOT Gate Push-Back                                               ; On                 ; On                 ;
; Power-Up Don't Care                                              ; On                 ; On                 ;
; Remove Redundant Logic Cells                                     ; Off                ; Off                ;
; Remove Duplicate Registers                                       ; On                 ; On                 ;
; Ignore CARRY Buffers                                             ; Off                ; Off                ;
; Ignore CASCADE Buffers                                           ; Off                ; Off                ;
; Ignore GLOBAL Buffers                                            ; Off                ; Off                ;
; Ignore ROW GLOBAL Buffers                                        ; Off                ; Off                ;
; Ignore LCELL Buffers                                             ; Off                ; Off                ;
; Ignore SOFT Buffers                                              ; On                 ; On                 ;
; Limit AHDL Integers to 32 Bits                                   ; Off                ; Off                ;
; Optimization Technique                                           ; Balanced           ; Balanced           ;
; Carry Chain Length                                               ; 70                 ; 70                 ;
; Auto Carry Chains                                                ; On                 ; On                 ;
; Auto Open-Drain Pins                                             ; On                 ; On                 ;
; Perform WYSIWYG Primitive Resynthesis                            ; Off                ; Off                ;
; Auto ROM Replacement                                             ; On                 ; On                 ;
; Auto RAM Replacement                                             ; On                 ; On                 ;
; Auto DSP Block Replacement                                       ; On                 ; On                 ;
; Auto Shift Register Replacement                                  ; Auto               ; Auto               ;
; Allow Shift Register Merging across Hierarchies                  ; Auto               ; Auto               ;
; Auto Clock Enable Replacement                                    ; On                 ; On                 ;
; Strict RAM Replacement                                           ; Off                ; Off                ;
; Allow Synchronous Control Signals                                ; On                 ; On                 ;
; Force Use of Synchronous Clear Signals                           ; Off                ; Off                ;
; Auto RAM Block Balancing                                         ; On                 ; On                 ;
; Auto RAM to Logic Cell Conversion                                ; Off                ; Off                ;
; Auto Resource Sharing                                            ; Off                ; Off                ;
; Allow Any RAM Size For Recognition                               ; Off                ; Off                ;
; Allow Any ROM Size For Recognition                               ; Off                ; Off                ;
; Allow Any Shift Register Size For Recognition                    ; Off                ; Off                ;
; Use LogicLock Constraints during Resource Balancing              ; On                 ; On                 ;
; Ignore translate_off and synthesis_off directives                ; Off                ; Off                ;
; Timing-Driven Synthesis                                          ; On                 ; On                 ;
; Report Parameter Settings                                        ; On                 ; On                 ;
; Report Source Assignments                                        ; On                 ; On                 ;
; Report Connectivity Checks                                       ; On                 ; On                 ;
; Ignore Maximum Fan-Out Assignments                               ; Off                ; Off                ;
; Synchronization Register Chain Length                            ; 2                  ; 2                  ;
; Power Optimization During Synthesis                              ; Normal compilation ; Normal compilation ;
; HDL message level                                                ; Level2             ; Level2             ;
; Suppress Register Optimization Related Messages                  ; Off                ; Off                ;
; Number of Removed Registers Reported in Synthesis Report         ; 5000               ; 5000               ;
; Number of Swept Nodes Reported in Synthesis Report               ; 5000               ; 5000               ;
; Number of Inverted Registers Reported in Synthesis Report        ; 100                ; 100                ;
; Clock MUX Protection                                             ; On                 ; On                 ;
; Auto Gated Clock Conversion                                      ; Off                ; Off                ;
; Block Design Naming                                              ; Auto               ; Auto               ;
; SDC constraint protection                                        ; Off                ; Off                ;
; Synthesis Effort                                                 ; Auto               ; Auto               ;
; Shift Register Replacement - Allow Asynchronous Clear Signal     ; On                 ; On                 ;
; Pre-Mapping Resynthesis Optimization                             ; Off                ; Off                ;
; Analysis & Synthesis Message Level                               ; Medium             ; Medium             ;
; Disable Register Merging Across Hierarchies                      ; Auto               ; Auto               ;
; Resource Aware Inference For Block RAM                           ; On                 ; On                 ;
+------------------------------------------------------------------+--------------------+--------------------+


+------------------------------------------+
; Parallel Compilation                     ;
+----------------------------+-------------+
; Processors                 ; Number      ;
+----------------------------+-------------+
; Number detected on machine ; 12          ;
; Maximum allowed            ; 12          ;
;                            ;             ;
; Average used               ; 1.00        ;
; Maximum used               ; 12          ;
;                            ;             ;
; Usage by Processor         ; % Time Used ;
;     Processor 1            ; 100.0%      ;
;     Processor 2            ;   0.0%      ;
;     Processor 3            ;   0.0%      ;
;     Processor 4            ;   0.0%      ;
;     Processor 5            ;   0.0%      ;
;     Processor 6            ;   0.0%      ;
;     Processor 7            ;   0.0%      ;
;     Processor 8            ;   0.0%      ;
;     Processors 9-12        ;   0.0%      ;
+----------------------------+-------------+


+----------------------------------------------------------------------------------------------------------------------------------------------------------------------------------------+
; Analysis & Synthesis Source Files Read                                                                                                                                                 ;
+----------------------------------+-----------------+----------------------------------------+--------------------------------------------------------------------------------+---------+
; File Name with User-Entered Path ; Used in Netlist ; File Type                              ; File Name with Absolute Path                                                   ; Library ;
+----------------------------------+-----------------+----------------------------------------+--------------------------------------------------------------------------------+---------+
; outputSelect.sv                  ; yes             ; User SystemVerilog HDL File            ; C:/Users/James/Documents/UW Classes/330/Project/Project/outputSelect.sv        ;         ;
; Decoder.sv                       ; yes             ; User SystemVerilog HDL File            ; C:/Users/James/Documents/UW Classes/330/Project/Project/Decoder.sv             ;         ;
; Register.sv                      ; yes             ; User SystemVerilog HDL File            ; C:/Users/James/Documents/UW Classes/330/Project/Project/Register.sv            ;         ;
; Processor.sv                     ; yes             ; User SystemVerilog HDL File            ; C:/Users/James/Documents/UW Classes/330/Project/Project/Processor.sv           ;         ;
; PC.sv                            ; yes             ; User SystemVerilog HDL File            ; C:/Users/James/Documents/UW Classes/330/Project/Project/PC.sv                  ;         ;
; Mux2_to_1.sv                     ; yes             ; User SystemVerilog HDL File            ; C:/Users/James/Documents/UW Classes/330/Project/Project/Mux2_to_1.sv           ;         ;
; IR.sv                            ; yes             ; User SystemVerilog HDL File            ; C:/Users/James/Documents/UW Classes/330/Project/Project/IR.sv                  ;         ;
; InstructionMemory.sv             ; yes             ; User SystemVerilog HDL File            ; C:/Users/James/Documents/UW Classes/330/Project/Project/InstructionMemory.sv   ;         ;
; FSM.sv                           ; yes             ; User SystemVerilog HDL File            ; C:/Users/James/Documents/UW Classes/330/Project/Project/FSM.sv                 ;         ;
; Datapath.sv                      ; yes             ; User SystemVerilog HDL File            ; C:/Users/James/Documents/UW Classes/330/Project/Project/Datapath.sv            ;         ;
; Data_Memory.sv                   ; yes             ; User SystemVerilog HDL File            ; C:/Users/James/Documents/UW Classes/330/Project/Project/Data_Memory.sv         ;         ;
; Control_Unit.sv                  ; yes             ; User SystemVerilog HDL File            ; C:/Users/James/Documents/UW Classes/330/Project/Project/Control_Unit.sv        ;         ;
; ALU.sv                           ; yes             ; User SystemVerilog HDL File            ; C:/Users/James/Documents/UW Classes/330/Project/Project/ALU.sv                 ;         ;
; AlteraROM.v                      ; yes             ; User Wizard-Generated File             ; C:/Users/James/Documents/UW Classes/330/Project/Project/AlteraROM.v            ;         ;
; AlteraDmem.v                     ; yes             ; User Wizard-Generated File             ; C:/Users/James/Documents/UW Classes/330/Project/Project/AlteraDmem.v           ;         ;
; Project.sv                       ; yes             ; User SystemVerilog HDL File            ; C:/Users/James/Documents/UW Classes/330/Project/Project/Project.sv             ;         ;
; ButtonSync.sv                    ; yes             ; User SystemVerilog HDL File            ; C:/Users/James/Documents/UW Classes/330/Project/Project/ButtonSync.sv          ;         ;
; KeyFilter.sv                     ; yes             ; User SystemVerilog HDL File            ; C:/Users/James/Documents/UW Classes/330/Project/Project/KeyFilter.sv           ;         ;
; altsyncram.tdf                   ; yes             ; Megafunction                           ; c:/intelfpga_lite/20.1/quartus/libraries/megafunctions/altsyncram.tdf          ;         ;
; stratix_ram_block.inc            ; yes             ; Megafunction                           ; c:/intelfpga_lite/20.1/quartus/libraries/megafunctions/stratix_ram_block.inc   ;         ;
; lpm_mux.inc                      ; yes             ; Megafunction                           ; c:/intelfpga_lite/20.1/quartus/libraries/megafunctions/lpm_mux.inc             ;         ;
; lpm_decode.inc                   ; yes             ; Megafunction                           ; c:/intelfpga_lite/20.1/quartus/libraries/megafunctions/lpm_decode.inc          ;         ;
; aglobal201.inc                   ; yes             ; Megafunction                           ; c:/intelfpga_lite/20.1/quartus/libraries/megafunctions/aglobal201.inc          ;         ;
; a_rdenreg.inc                    ; yes             ; Megafunction                           ; c:/intelfpga_lite/20.1/quartus/libraries/megafunctions/a_rdenreg.inc           ;         ;
; altrom.inc                       ; yes             ; Megafunction                           ; c:/intelfpga_lite/20.1/quartus/libraries/megafunctions/altrom.inc              ;         ;
; altram.inc                       ; yes             ; Megafunction                           ; c:/intelfpga_lite/20.1/quartus/libraries/megafunctions/altram.inc              ;         ;
; altdpram.inc                     ; yes             ; Megafunction                           ; c:/intelfpga_lite/20.1/quartus/libraries/megafunctions/altdpram.inc            ;         ;
; db/altsyncram_ni91.tdf           ; yes             ; Auto-Generated Megafunction            ; C:/Users/James/Documents/UW Classes/330/Project/Project/db/altsyncram_ni91.tdf ;         ;
; im.mif                           ; yes             ; Auto-Found Memory Initialization File  ; C:/Users/James/Documents/UW Classes/330/Project/Project/im.mif                 ;         ;
; db/altsyncram_u1h1.tdf           ; yes             ; Auto-Generated Megafunction            ; C:/Users/James/Documents/UW Classes/330/Project/Project/db/altsyncram_u1h1.tdf ;         ;
; mydata.mif                       ; yes             ; Auto-Found Memory Initialization File  ; C:/Users/James/Documents/UW Classes/330/Project/Project/mydata.mif             ;         ;
+----------------------------------+-----------------+----------------------------------------+--------------------------------------------------------------------------------+---------+


+--------------------------------------------------------------------+
; Analysis & Synthesis Resource Usage Summary                        ;
+---------------------------------------------+----------------------+
; Resource                                    ; Usage                ;
+---------------------------------------------+----------------------+
; Estimated Total logic elements              ; 853                  ;
;                                             ;                      ;
; Total combinational functions               ; 594                  ;
; Logic element usage by number of LUT inputs ;                      ;
;     -- 4 input functions                    ; 493                  ;
;     -- 3 input functions                    ; 47                   ;
;     -- <=2 input functions                  ; 54                   ;
;                                             ;                      ;
; Logic elements by mode                      ;                      ;
;     -- normal mode                          ; 540                  ;
;     -- arithmetic mode                      ; 54                   ;
;                                             ;                      ;
; Total registers                             ; 321                  ;
;     -- Dedicated logic registers            ; 321                  ;
;     -- I/O registers                        ; 0                    ;
;                                             ;                      ;
; I/O pins                                    ; 67                   ;
; Total memory bits                           ; 6144                 ;
;                                             ;                      ;
; Embedded Multiplier 9-bit elements          ; 0                    ;
;                                             ;                      ;
; Maximum fan-out node                        ; KeyFilter:Filter|Out ;
; Maximum fan-out                             ; 315                  ;
; Total fan-out                               ; 3643                 ;
; Average fan-out                             ; 3.37                 ;
+---------------------------------------------+----------------------+


+-------------------------------------------------------------------------------------------------------------------------------------------------------------------------------------------------------------------------------------------------------------------------------------------------------------------------------------------------------------------------------+
; Analysis & Synthesis Resource Utilization by Entity                                                                                                                                                                                                                                                                                                                           ;
+----------------------------------------------------+---------------------+---------------------------+-------------+--------------+---------+-----------+------+--------------+------------------------------------------------------------------------------------------------------------------------------------------------------------+-------------------+--------------+
; Compilation Hierarchy Node                         ; Combinational ALUTs ; Dedicated Logic Registers ; Memory Bits ; DSP Elements ; DSP 9x9 ; DSP 18x18 ; Pins ; Virtual Pins ; Full Hierarchy Name                                                                                                                                        ; Entity Name       ; Library Name ;
+----------------------------------------------------+---------------------+---------------------------+-------------+--------------+---------+-----------+------+--------------+------------------------------------------------------------------------------------------------------------------------------------------------------------+-------------------+--------------+
; |Project                                           ; 594 (1)             ; 321 (0)                   ; 6144        ; 0            ; 0       ; 0         ; 67   ; 0            ; |Project                                                                                                                                                   ; Project           ; work         ;
;    |ButtonSync:BS|                                 ; 1 (1)               ; 4 (4)                     ; 0           ; 0            ; 0       ; 0         ; 0    ; 0            ; |Project|ButtonSync:BS                                                                                                                                     ; ButtonSync        ; work         ;
;    |Decoder:unit0|                                 ; 7 (7)               ; 0 (0)                     ; 0           ; 0            ; 0       ; 0         ; 0    ; 0            ; |Project|Decoder:unit0                                                                                                                                     ; Decoder           ; work         ;
;    |Decoder:unit1|                                 ; 7 (7)               ; 0 (0)                     ; 0           ; 0            ; 0       ; 0         ; 0    ; 0            ; |Project|Decoder:unit1                                                                                                                                     ; Decoder           ; work         ;
;    |Decoder:unit2|                                 ; 7 (7)               ; 0 (0)                     ; 0           ; 0            ; 0       ; 0         ; 0    ; 0            ; |Project|Decoder:unit2                                                                                                                                     ; Decoder           ; work         ;
;    |Decoder:unit3|                                 ; 7 (7)               ; 0 (0)                     ; 0           ; 0            ; 0       ; 0         ; 0    ; 0            ; |Project|Decoder:unit3                                                                                                                                     ; Decoder           ; work         ;
;    |Decoder:unit4|                                 ; 7 (7)               ; 0 (0)                     ; 0           ; 0            ; 0       ; 0         ; 0    ; 0            ; |Project|Decoder:unit4                                                                                                                                     ; Decoder           ; work         ;
;    |Decoder:unit5|                                 ; 7 (7)               ; 0 (0)                     ; 0           ; 0            ; 0       ; 0         ; 0    ; 0            ; |Project|Decoder:unit5                                                                                                                                     ; Decoder           ; work         ;
;    |Decoder:unit6|                                 ; 7 (7)               ; 0 (0)                     ; 0           ; 0            ; 0       ; 0         ; 0    ; 0            ; |Project|Decoder:unit6                                                                                                                                     ; Decoder           ; work         ;
;    |Decoder:unit7|                                 ; 7 (7)               ; 0 (0)                     ; 0           ; 0            ; 0       ; 0         ; 0    ; 0            ; |Project|Decoder:unit7                                                                                                                                     ; Decoder           ; work         ;
;    |KeyFilter:Filter|                              ; 45 (45)             ; 34 (34)                   ; 0           ; 0            ; 0       ; 0         ; 0    ; 0            ; |Project|KeyFilter:Filter                                                                                                                                  ; KeyFilter         ; work         ;
;    |Processor:processor|                           ; 444 (0)             ; 283 (0)                   ; 6144        ; 0            ; 0       ; 0         ; 0    ; 0            ; |Project|Processor:processor                                                                                                                               ; Processor         ; work         ;
;       |Control_Unit:Controller|                    ; 49 (0)              ; 27 (0)                    ; 2048        ; 0            ; 0       ; 0         ; 0    ; 0            ; |Project|Processor:processor|Control_Unit:Controller                                                                                                       ; Control_Unit      ; work         ;
;          |FSM:controller|                          ; 41 (41)             ; 4 (4)                     ; 0           ; 0            ; 0       ; 0         ; 0    ; 0            ; |Project|Processor:processor|Control_Unit:Controller|FSM:controller                                                                                        ; FSM               ; work         ;
;          |IR:Instruction_Reg|                      ; 0 (0)               ; 16 (16)                   ; 0           ; 0            ; 0       ; 0         ; 0    ; 0            ; |Project|Processor:processor|Control_Unit:Controller|IR:Instruction_Reg                                                                                    ; IR                ; work         ;
;          |InstructionMemory:Imem|                  ; 0 (0)               ; 0 (0)                     ; 2048        ; 0            ; 0       ; 0         ; 0    ; 0            ; |Project|Processor:processor|Control_Unit:Controller|InstructionMemory:Imem                                                                                ; InstructionMemory ; work         ;
;             |AlteraROM:unit1|                      ; 0 (0)               ; 0 (0)                     ; 2048        ; 0            ; 0       ; 0         ; 0    ; 0            ; |Project|Processor:processor|Control_Unit:Controller|InstructionMemory:Imem|AlteraROM:unit1                                                                ; AlteraROM         ; work         ;
;                |altsyncram:altsyncram_component|   ; 0 (0)               ; 0 (0)                     ; 2048        ; 0            ; 0       ; 0         ; 0    ; 0            ; |Project|Processor:processor|Control_Unit:Controller|InstructionMemory:Imem|AlteraROM:unit1|altsyncram:altsyncram_component                                ; altsyncram        ; work         ;
;                   |altsyncram_ni91:auto_generated| ; 0 (0)               ; 0 (0)                     ; 2048        ; 0            ; 0       ; 0         ; 0    ; 0            ; |Project|Processor:processor|Control_Unit:Controller|InstructionMemory:Imem|AlteraROM:unit1|altsyncram:altsyncram_component|altsyncram_ni91:auto_generated ; altsyncram_ni91   ; work         ;
;          |PC:pc|                                   ; 8 (8)               ; 7 (7)                     ; 0           ; 0            ; 0       ; 0         ; 0    ; 0            ; |Project|Processor:processor|Control_Unit:Controller|PC:pc                                                                                                 ; PC                ; work         ;
;       |Datapath:Data_Path|                         ; 395 (0)             ; 256 (0)                   ; 4096        ; 0            ; 0       ; 0         ; 0    ; 0            ; |Project|Processor:processor|Datapath:Data_Path                                                                                                            ; Datapath          ; work         ;
;          |ALU:Alu|                                 ; 38 (38)             ; 0 (0)                     ; 0           ; 0            ; 0       ; 0         ; 0    ; 0            ; |Project|Processor:processor|Datapath:Data_Path|ALU:Alu                                                                                                    ; ALU               ; work         ;
;          |Data_Memory:Dmem|                        ; 0 (0)               ; 0 (0)                     ; 4096        ; 0            ; 0       ; 0         ; 0    ; 0            ; |Project|Processor:processor|Datapath:Data_Path|Data_Memory:Dmem                                                                                           ; Data_Memory       ; work         ;
;             |AlteraDmem:unit0|                     ; 0 (0)               ; 0 (0)                     ; 4096        ; 0            ; 0       ; 0         ; 0    ; 0            ; |Project|Processor:processor|Datapath:Data_Path|Data_Memory:Dmem|AlteraDmem:unit0                                                                          ; AlteraDmem        ; work         ;
;                |altsyncram:altsyncram_component|   ; 0 (0)               ; 0 (0)                     ; 4096        ; 0            ; 0       ; 0         ; 0    ; 0            ; |Project|Processor:processor|Datapath:Data_Path|Data_Memory:Dmem|AlteraDmem:unit0|altsyncram:altsyncram_component                                          ; altsyncram        ; work         ;
;                   |altsyncram_u1h1:auto_generated| ; 0 (0)               ; 0 (0)                     ; 4096        ; 0            ; 0       ; 0         ; 0    ; 0            ; |Project|Processor:processor|Datapath:Data_Path|Data_Memory:Dmem|AlteraDmem:unit0|altsyncram:altsyncram_component|altsyncram_u1h1:auto_generated           ; altsyncram_u1h1   ; work         ;
;          |Mux2_to_1:MUX|                           ; 16 (16)             ; 0 (0)                     ; 0           ; 0            ; 0       ; 0         ; 0    ; 0            ; |Project|Processor:processor|Datapath:Data_Path|Mux2_to_1:MUX                                                                                              ; Mux2_to_1         ; work         ;
;          |Register:Reg|                            ; 341 (341)           ; 256 (256)                 ; 0           ; 0            ; 0       ; 0         ; 0    ; 0            ; |Project|Processor:processor|Datapath:Data_Path|Register:Reg                                                                                               ; Register          ; work         ;
;    |outputSelect:Selector|                         ; 47 (47)             ; 0 (0)                     ; 0           ; 0            ; 0       ; 0         ; 0    ; 0            ; |Project|outputSelect:Selector                                                                                                                             ; outputSelect      ; work         ;
+----------------------------------------------------+---------------------+---------------------------+-------------+--------------+---------+-----------+------+--------------+------------------------------------------------------------------------------------------------------------------------------------------------------------+-------------------+--------------+
Note: For table entries with two numbers listed, the numbers in parentheses indicate the number of resources of the given type used by the specific entity alone. The numbers listed outside of parentheses indicate the total resources of the given type used by the specific entity and all of its sub-entities in the hierarchy.


+-------------------------------------------------------------------------------------------------------------------------------------------------------------------------------------------------------------------------------------------------------------------+
; Analysis & Synthesis RAM Summary                                                                                                                                                                                                                                  ;
+--------------------------------------------------------------------------------------------------------------------------------------------------------------+------+-------------+--------------+--------------+--------------+--------------+------+------------+
; Name                                                                                                                                                         ; Type ; Mode        ; Port A Depth ; Port A Width ; Port B Depth ; Port B Width ; Size ; MIF        ;
+--------------------------------------------------------------------------------------------------------------------------------------------------------------+------+-------------+--------------+--------------+--------------+--------------+------+------------+
; Processor:processor|Control_Unit:Controller|InstructionMemory:Imem|AlteraROM:unit1|altsyncram:altsyncram_component|altsyncram_ni91:auto_generated|ALTSYNCRAM ; AUTO ; ROM         ; 128          ; 16           ; --           ; --           ; 2048 ; IM.mif     ;
; Processor:processor|Datapath:Data_Path|Data_Memory:Dmem|AlteraDmem:unit0|altsyncram:altsyncram_component|altsyncram_u1h1:auto_generated|ALTSYNCRAM           ; AUTO ; Single Port ; 256          ; 16           ; --           ; --           ; 4096 ; myData.mif ;
+--------------------------------------------------------------------------------------------------------------------------------------------------------------+------+-------------+--------------+--------------+--------------+--------------+------+------------+


Encoding Type:  One-Hot
+-----------------------------------------------+
; State Machine - |Project|ButtonSync:BS|State  ;
+-----------+-----------+-----------+-----------+
; Name      ; State.S_A ; State.S_C ; State.S_B ;
+-----------+-----------+-----------+-----------+
; State.S_A ; 0         ; 0         ; 0         ;
; State.S_B ; 1         ; 0         ; 1         ;
; State.S_C ; 1         ; 1         ; 0         ;
+-----------+-----------+-----------+-----------+


+------------------------------------------------------------+
; Registers Removed During Synthesis                         ;
+---------------------------------------+--------------------+
; Register name                         ; Reason for Removal ;
+---------------------------------------+--------------------+
; ButtonSync:BS|State.S_C               ; Lost fanout        ;
; Total Number of Removed Registers = 1 ;                    ;
+---------------------------------------+--------------------+


+------------------------------------------------------+
; General Register Statistics                          ;
+----------------------------------------------+-------+
; Statistic                                    ; Value ;
+----------------------------------------------+-------+
; Total registers                              ; 321   ;
; Number of registers using Synchronous Clear  ; 7     ;
; Number of registers using Synchronous Load   ; 33    ;
; Number of registers using Asynchronous Clear ; 0     ;
; Number of registers using Asynchronous Load  ; 0     ;
; Number of registers using Clock Enable       ; 279   ;
; Number of registers using Preset             ; 0     ;
+----------------------------------------------+-------+


+---------------------------------------------------------------------------------------------------------------------------------------------------------------------------------------------+
; Multiplexer Restructuring Statistics (Restructuring Performed)                                                                                                                              ;
+--------------------+-----------+---------------+----------------------+------------------------+------------+-------------------------------------------------------------------------------+
; Multiplexer Inputs ; Bus Width ; Baseline Area ; Area if Restructured ; Saving if Restructured ; Registered ; Example Multiplexer Output                                                    ;
+--------------------+-----------+---------------+----------------------+------------------------+------------+-------------------------------------------------------------------------------+
; 3:1                ; 33 bits   ; 66 LEs        ; 33 LEs               ; 33 LEs                 ; Yes        ; |Project|KeyFilter:Filter|Countdown[25]                                       ;
; 3:1                ; 7 bits    ; 14 LEs        ; 7 LEs                ; 7 LEs                  ; Yes        ; |Project|Processor:processor|Control_Unit:Controller|PC:pc|Q[0]               ;
; 4:1                ; 16 bits   ; 32 LEs        ; 32 LEs               ; 0 LEs                  ; No         ; |Project|Processor:processor|Datapath:Data_Path|ALU:Alu|Mux14                 ;
; 8:1                ; 5 bits    ; 25 LEs        ; 15 LEs               ; 10 LEs                 ; No         ; |Project|outputSelect:Selector|Mux0                                           ;
; 8:1                ; 7 bits    ; 35 LEs        ; 21 LEs               ; 14 LEs                 ; No         ; |Project|outputSelect:Selector|Mux2                                           ;
; 8:1                ; 4 bits    ; 20 LEs        ; 16 LEs               ; 4 LEs                  ; No         ; |Project|outputSelect:Selector|Mux14                                          ;
; 10:1               ; 8 bits    ; 48 LEs        ; 16 LEs               ; 32 LEs                 ; No         ; |Project|Processor:processor|Control_Unit:Controller|FSM:controller|Selector7 ;
; 5:1                ; 2 bits    ; 6 LEs         ; 4 LEs                ; 2 LEs                  ; No         ; |Project|ButtonSync:BS|Selector2                                              ;
; 20:1               ; 2 bits    ; 26 LEs        ; 18 LEs               ; 8 LEs                  ; No         ; |Project|Processor:processor|Control_Unit:Controller|FSM:controller|Mux1      ;
+--------------------+-----------+---------------+----------------------+------------------------+------------+-------------------------------------------------------------------------------+


+--------------------------------------------------------------------------------------------------------------------------------------------------------------------------+
; Source assignments for Processor:processor|Control_Unit:Controller|InstructionMemory:Imem|AlteraROM:unit1|altsyncram:altsyncram_component|altsyncram_ni91:auto_generated ;
+---------------------------------+--------------------+------+------------------------------------------------------------------------------------------------------------+
; Assignment                      ; Value              ; From ; To                                                                                                         ;
+---------------------------------+--------------------+------+------------------------------------------------------------------------------------------------------------+
; OPTIMIZE_POWER_DURING_SYNTHESIS ; NORMAL_COMPILATION ; -    ; -                                                                                                          ;
+---------------------------------+--------------------+------+------------------------------------------------------------------------------------------------------------+


+----------------------------------------------------------------------------------------------------------------------------------------------------------------+
; Source assignments for Processor:processor|Datapath:Data_Path|Data_Memory:Dmem|AlteraDmem:unit0|altsyncram:altsyncram_component|altsyncram_u1h1:auto_generated ;
+---------------------------------+--------------------+------+--------------------------------------------------------------------------------------------------+
; Assignment                      ; Value              ; From ; To                                                                                               ;
+---------------------------------+--------------------+------+--------------------------------------------------------------------------------------------------+
; OPTIMIZE_POWER_DURING_SYNTHESIS ; NORMAL_COMPILATION ; -    ; -                                                                                                ;
+---------------------------------+--------------------+------+--------------------------------------------------------------------------------------------------+


+-----------------------------------------------------------------------------------------------------------------------------------------------------------------+
; Parameter Settings for User Entity Instance: Processor:processor|Control_Unit:Controller|InstructionMemory:Imem|AlteraROM:unit1|altsyncram:altsyncram_component ;
+------------------------------------+----------------------+-----------------------------------------------------------------------------------------------------+
; Parameter Name                     ; Value                ; Type                                                                                                ;
+------------------------------------+----------------------+-----------------------------------------------------------------------------------------------------+
; BYTE_SIZE_BLOCK                    ; 8                    ; Untyped                                                                                             ;
; AUTO_CARRY_CHAINS                  ; ON                   ; AUTO_CARRY                                                                                          ;
; IGNORE_CARRY_BUFFERS               ; OFF                  ; IGNORE_CARRY                                                                                        ;
; AUTO_CASCADE_CHAINS                ; ON                   ; AUTO_CASCADE                                                                                        ;
; IGNORE_CASCADE_BUFFERS             ; OFF                  ; IGNORE_CASCADE                                                                                      ;
; WIDTH_BYTEENA                      ; 1                    ; Untyped                                                                                             ;
; OPERATION_MODE                     ; ROM                  ; Untyped                                                                                             ;
; WIDTH_A                            ; 16                   ; Signed Integer                                                                                      ;
; WIDTHAD_A                          ; 7                    ; Signed Integer                                                                                      ;
; NUMWORDS_A                         ; 128                  ; Signed Integer                                                                                      ;
; OUTDATA_REG_A                      ; UNREGISTERED         ; Untyped                                                                                             ;
; ADDRESS_ACLR_A                     ; NONE                 ; Untyped                                                                                             ;
; OUTDATA_ACLR_A                     ; NONE                 ; Untyped                                                                                             ;
; WRCONTROL_ACLR_A                   ; NONE                 ; Untyped                                                                                             ;
; INDATA_ACLR_A                      ; NONE                 ; Untyped                                                                                             ;
; BYTEENA_ACLR_A                     ; NONE                 ; Untyped                                                                                             ;
; WIDTH_B                            ; 1                    ; Untyped                                                                                             ;
; WIDTHAD_B                          ; 1                    ; Untyped                                                                                             ;
; NUMWORDS_B                         ; 1                    ; Untyped                                                                                             ;
; INDATA_REG_B                       ; CLOCK1               ; Untyped                                                                                             ;
; WRCONTROL_WRADDRESS_REG_B          ; CLOCK1               ; Untyped                                                                                             ;
; RDCONTROL_REG_B                    ; CLOCK1               ; Untyped                                                                                             ;
; ADDRESS_REG_B                      ; CLOCK1               ; Untyped                                                                                             ;
; OUTDATA_REG_B                      ; UNREGISTERED         ; Untyped                                                                                             ;
; BYTEENA_REG_B                      ; CLOCK1               ; Untyped                                                                                             ;
; INDATA_ACLR_B                      ; NONE                 ; Untyped                                                                                             ;
; WRCONTROL_ACLR_B                   ; NONE                 ; Untyped                                                                                             ;
; ADDRESS_ACLR_B                     ; NONE                 ; Untyped                                                                                             ;
; OUTDATA_ACLR_B                     ; NONE                 ; Untyped                                                                                             ;
; RDCONTROL_ACLR_B                   ; NONE                 ; Untyped                                                                                             ;
; BYTEENA_ACLR_B                     ; NONE                 ; Untyped                                                                                             ;
; WIDTH_BYTEENA_A                    ; 1                    ; Signed Integer                                                                                      ;
; WIDTH_BYTEENA_B                    ; 1                    ; Untyped                                                                                             ;
; RAM_BLOCK_TYPE                     ; AUTO                 ; Untyped                                                                                             ;
; BYTE_SIZE                          ; 8                    ; Untyped                                                                                             ;
; READ_DURING_WRITE_MODE_MIXED_PORTS ; DONT_CARE            ; Untyped                                                                                             ;
; READ_DURING_WRITE_MODE_PORT_A      ; NEW_DATA_NO_NBE_READ ; Untyped                                                                                             ;
; READ_DURING_WRITE_MODE_PORT_B      ; NEW_DATA_NO_NBE_READ ; Untyped                                                                                             ;
; INIT_FILE                          ; IM.mif               ; Untyped                                                                                             ;
; INIT_FILE_LAYOUT                   ; PORT_A               ; Untyped                                                                                             ;
; MAXIMUM_DEPTH                      ; 0                    ; Untyped                                                                                             ;
; CLOCK_ENABLE_INPUT_A               ; BYPASS               ; Untyped                                                                                             ;
; CLOCK_ENABLE_INPUT_B               ; NORMAL               ; Untyped                                                                                             ;
; CLOCK_ENABLE_OUTPUT_A              ; BYPASS               ; Untyped                                                                                             ;
; CLOCK_ENABLE_OUTPUT_B              ; NORMAL               ; Untyped                                                                                             ;
; CLOCK_ENABLE_CORE_A                ; USE_INPUT_CLKEN      ; Untyped                                                                                             ;
; CLOCK_ENABLE_CORE_B                ; USE_INPUT_CLKEN      ; Untyped                                                                                             ;
; ENABLE_ECC                         ; FALSE                ; Untyped                                                                                             ;
; ECC_PIPELINE_STAGE_ENABLED         ; FALSE                ; Untyped                                                                                             ;
; WIDTH_ECCSTATUS                    ; 3                    ; Untyped                                                                                             ;
; DEVICE_FAMILY                      ; Cyclone IV E         ; Untyped                                                                                             ;
; CBXI_PARAMETER                     ; altsyncram_ni91      ; Untyped                                                                                             ;
+------------------------------------+----------------------+-----------------------------------------------------------------------------------------------------+
Note: In order to hide this table in the UI and the text report file, please set the "Show Parameter Settings in Synthesis Report" option in "Analysis and Synthesis Settings -> More Settings" to "Off".


+-------------------------------------------------------------------------------------------------------------------------------------------------------+
; Parameter Settings for User Entity Instance: Processor:processor|Datapath:Data_Path|Data_Memory:Dmem|AlteraDmem:unit0|altsyncram:altsyncram_component ;
+------------------------------------+----------------------+-------------------------------------------------------------------------------------------+
; Parameter Name                     ; Value                ; Type                                                                                      ;
+------------------------------------+----------------------+-------------------------------------------------------------------------------------------+
; BYTE_SIZE_BLOCK                    ; 8                    ; Untyped                                                                                   ;
; AUTO_CARRY_CHAINS                  ; ON                   ; AUTO_CARRY                                                                                ;
; IGNORE_CARRY_BUFFERS               ; OFF                  ; IGNORE_CARRY                                                                              ;
; AUTO_CASCADE_CHAINS                ; ON                   ; AUTO_CASCADE                                                                              ;
; IGNORE_CASCADE_BUFFERS             ; OFF                  ; IGNORE_CASCADE                                                                            ;
; WIDTH_BYTEENA                      ; 1                    ; Untyped                                                                                   ;
; OPERATION_MODE                     ; SINGLE_PORT          ; Untyped                                                                                   ;
; WIDTH_A                            ; 16                   ; Signed Integer                                                                            ;
; WIDTHAD_A                          ; 8                    ; Signed Integer                                                                            ;
; NUMWORDS_A                         ; 256                  ; Signed Integer                                                                            ;
; OUTDATA_REG_A                      ; UNREGISTERED         ; Untyped                                                                                   ;
; ADDRESS_ACLR_A                     ; NONE                 ; Untyped                                                                                   ;
; OUTDATA_ACLR_A                     ; NONE                 ; Untyped                                                                                   ;
; WRCONTROL_ACLR_A                   ; NONE                 ; Untyped                                                                                   ;
; INDATA_ACLR_A                      ; NONE                 ; Untyped                                                                                   ;
; BYTEENA_ACLR_A                     ; NONE                 ; Untyped                                                                                   ;
; WIDTH_B                            ; 1                    ; Untyped                                                                                   ;
; WIDTHAD_B                          ; 1                    ; Untyped                                                                                   ;
; NUMWORDS_B                         ; 1                    ; Untyped                                                                                   ;
; INDATA_REG_B                       ; CLOCK1               ; Untyped                                                                                   ;
; WRCONTROL_WRADDRESS_REG_B          ; CLOCK1               ; Untyped                                                                                   ;
; RDCONTROL_REG_B                    ; CLOCK1               ; Untyped                                                                                   ;
; ADDRESS_REG_B                      ; CLOCK1               ; Untyped                                                                                   ;
; OUTDATA_REG_B                      ; UNREGISTERED         ; Untyped                                                                                   ;
; BYTEENA_REG_B                      ; CLOCK1               ; Untyped                                                                                   ;
; INDATA_ACLR_B                      ; NONE                 ; Untyped                                                                                   ;
; WRCONTROL_ACLR_B                   ; NONE                 ; Untyped                                                                                   ;
; ADDRESS_ACLR_B                     ; NONE                 ; Untyped                                                                                   ;
; OUTDATA_ACLR_B                     ; NONE                 ; Untyped                                                                                   ;
; RDCONTROL_ACLR_B                   ; NONE                 ; Untyped                                                                                   ;
; BYTEENA_ACLR_B                     ; NONE                 ; Untyped                                                                                   ;
; WIDTH_BYTEENA_A                    ; 1                    ; Signed Integer                                                                            ;
; WIDTH_BYTEENA_B                    ; 1                    ; Untyped                                                                                   ;
; RAM_BLOCK_TYPE                     ; AUTO                 ; Untyped                                                                                   ;
; BYTE_SIZE                          ; 8                    ; Untyped                                                                                   ;
; READ_DURING_WRITE_MODE_MIXED_PORTS ; DONT_CARE            ; Untyped                                                                                   ;
; READ_DURING_WRITE_MODE_PORT_A      ; OLD_DATA             ; Untyped                                                                                   ;
; READ_DURING_WRITE_MODE_PORT_B      ; NEW_DATA_NO_NBE_READ ; Untyped                                                                                   ;
; INIT_FILE                          ; myData.mif           ; Untyped                                                                                   ;
; INIT_FILE_LAYOUT                   ; PORT_A               ; Untyped                                                                                   ;
; MAXIMUM_DEPTH                      ; 0                    ; Untyped                                                                                   ;
; CLOCK_ENABLE_INPUT_A               ; BYPASS               ; Untyped                                                                                   ;
; CLOCK_ENABLE_INPUT_B               ; NORMAL               ; Untyped                                                                                   ;
; CLOCK_ENABLE_OUTPUT_A              ; BYPASS               ; Untyped                                                                                   ;
; CLOCK_ENABLE_OUTPUT_B              ; NORMAL               ; Untyped                                                                                   ;
; CLOCK_ENABLE_CORE_A                ; USE_INPUT_CLKEN      ; Untyped                                                                                   ;
; CLOCK_ENABLE_CORE_B                ; USE_INPUT_CLKEN      ; Untyped                                                                                   ;
; ENABLE_ECC                         ; FALSE                ; Untyped                                                                                   ;
; ECC_PIPELINE_STAGE_ENABLED         ; FALSE                ; Untyped                                                                                   ;
; WIDTH_ECCSTATUS                    ; 3                    ; Untyped                                                                                   ;
; DEVICE_FAMILY                      ; Cyclone IV E         ; Untyped                                                                                   ;
; CBXI_PARAMETER                     ; altsyncram_u1h1      ; Untyped                                                                                   ;
+------------------------------------+----------------------+-------------------------------------------------------------------------------------------+
Note: In order to hide this table in the UI and the text report file, please set the "Show Parameter Settings in Synthesis Report" option in "Analysis and Synthesis Settings -> More Settings" to "Off".


+----------------------------------------------------------------------------------------------------------------------------------------------------------------+
; altsyncram Parameter Settings by Entity Instance                                                                                                               ;
+-------------------------------------------+--------------------------------------------------------------------------------------------------------------------+
; Name                                      ; Value                                                                                                              ;
+-------------------------------------------+--------------------------------------------------------------------------------------------------------------------+
; Number of entity instances                ; 2                                                                                                                  ;
; Entity Instance                           ; Processor:processor|Control_Unit:Controller|InstructionMemory:Imem|AlteraROM:unit1|altsyncram:altsyncram_component ;
;     -- OPERATION_MODE                     ; ROM                                                                                                                ;
;     -- WIDTH_A                            ; 16                                                                                                                 ;
;     -- NUMWORDS_A                         ; 128                                                                                                                ;
;     -- OUTDATA_REG_A                      ; UNREGISTERED                                                                                                       ;
;     -- WIDTH_B                            ; 1                                                                                                                  ;
;     -- NUMWORDS_B                         ; 1                                                                                                                  ;
;     -- ADDRESS_REG_B                      ; CLOCK1                                                                                                             ;
;     -- OUTDATA_REG_B                      ; UNREGISTERED                                                                                                       ;
;     -- RAM_BLOCK_TYPE                     ; AUTO                                                                                                               ;
;     -- READ_DURING_WRITE_MODE_MIXED_PORTS ; DONT_CARE                                                                                                          ;
; Entity Instance                           ; Processor:processor|Datapath:Data_Path|Data_Memory:Dmem|AlteraDmem:unit0|altsyncram:altsyncram_component           ;
;     -- OPERATION_MODE                     ; SINGLE_PORT                                                                                                        ;
;     -- WIDTH_A                            ; 16                                                                                                                 ;
;     -- NUMWORDS_A                         ; 256                                                                                                                ;
;     -- OUTDATA_REG_A                      ; UNREGISTERED                                                                                                       ;
;     -- WIDTH_B                            ; 1                                                                                                                  ;
;     -- NUMWORDS_B                         ; 1                                                                                                                  ;
;     -- ADDRESS_REG_B                      ; CLOCK1                                                                                                             ;
;     -- OUTDATA_REG_B                      ; UNREGISTERED                                                                                                       ;
;     -- RAM_BLOCK_TYPE                     ; AUTO                                                                                                               ;
;     -- READ_DURING_WRITE_MODE_MIXED_PORTS ; DONT_CARE                                                                                                          ;
+-------------------------------------------+--------------------------------------------------------------------------------------------------------------------+


+-----------------------------------------------------+
; Post-Synthesis Netlist Statistics for Top Partition ;
+-----------------------+-----------------------------+
; Type                  ; Count                       ;
+-----------------------+-----------------------------+
; boundary_port         ; 67                          ;
; cycloneiii_ff         ; 321                         ;
;     ENA               ; 272                         ;
;     ENA SCLR          ; 7                           ;
;     SLD               ; 33                          ;
;     plain             ; 9                           ;
; cycloneiii_lcell_comb ; 604                         ;
;     arith             ; 54                          ;
;         2 data inputs ; 39                          ;
;         3 data inputs ; 15                          ;
;     normal            ; 550                         ;
;         0 data inputs ; 1                           ;
;         1 data inputs ; 12                          ;
;         2 data inputs ; 12                          ;
;         3 data inputs ; 32                          ;
;         4 data inputs ; 493                         ;
; cycloneiii_ram_block  ; 32                          ;
;                       ;                             ;
; Max LUT depth         ; 12.50                       ;
; Average LUT depth     ; 8.63                        ;
+-----------------------+-----------------------------+


+-------------------------------+
; Elapsed Time Per Partition    ;
+----------------+--------------+
; Partition Name ; Elapsed Time ;
+----------------+--------------+
; Top            ; 00:00:01     ;
+----------------+--------------+


+-------------------------------+
; Analysis & Synthesis Messages ;
+-------------------------------+
Info: *******************************************************************
Info: Running Quartus Prime Analysis & Synthesis
    Info: Version 20.1.1 Build 720 11/11/2020 SJ Lite Edition
    Info: Processing started: Sat Jun 05 16:17:10 2021
Info: Command: quartus_map --read_settings_files=on --write_settings_files=off Project -c Project
Warning (18236): Number of processors has not been specified which may cause overloading on shared machines.  Set the global assignment NUM_PARALLEL_PROCESSORS in your QSF to an appropriate value for best performance.
Info (20030): Parallel compilation is enabled and will use 12 of the 12 processors detected
Info (12021): Found 1 design units, including 1 entities, in source file outputselect.sv
    Info (12023): Found entity 1: outputSelect File: C:/Users/James/Documents/UW Classes/330/Project/Project/outputSelect.sv Line: 6
Info (12021): Found 1 design units, including 1 entities, in source file decoder.sv
    Info (12023): Found entity 1: Decoder File: C:/Users/James/Documents/UW Classes/330/Project/Project/Decoder.sv Line: 8
Info (12021): Found 1 design units, including 1 entities, in source file register.sv
    Info (12023): Found entity 1: Register File: C:/Users/James/Documents/UW Classes/330/Project/Project/Register.sv Line: 7
Info (12021): Found 1 design units, including 1 entities, in source file processor.sv
    Info (12023): Found entity 1: Processor File: C:/Users/James/Documents/UW Classes/330/Project/Project/Processor.sv Line: 23
Info (12021): Found 2 design units, including 2 entities, in source file pc.sv
    Info (12023): Found entity 1: PC File: C:/Users/James/Documents/UW Classes/330/Project/Project/PC.sv Line: 8
    Info (12023): Found entity 2: PC_tb File: C:/Users/James/Documents/UW Classes/330/Project/Project/PC.sv Line: 29
Info (12021): Found 2 design units, including 2 entities, in source file mux2_to_1.sv
    Info (12023): Found entity 1: Mux2_to_1 File: C:/Users/James/Documents/UW Classes/330/Project/Project/Mux2_to_1.sv Line: 6
    Info (12023): Found entity 2: Mux2_to_1_tb File: C:/Users/James/Documents/UW Classes/330/Project/Project/Mux2_to_1.sv Line: 17
Info (12021): Found 2 design units, including 2 entities, in source file ir.sv
    Info (12023): Found entity 1: IR File: C:/Users/James/Documents/UW Classes/330/Project/Project/IR.sv Line: 7
    Info (12023): Found entity 2: IR_tb File: C:/Users/James/Documents/UW Classes/330/Project/Project/IR.sv Line: 22
Info (12021): Found 1 design units, including 1 entities, in source file instructionmemory.sv
    Info (12023): Found entity 1: InstructionMemory File: C:/Users/James/Documents/UW Classes/330/Project/Project/InstructionMemory.sv Line: 8
Info (12021): Found 2 design units, including 2 entities, in source file fsm.sv
    Info (12023): Found entity 1: FSM File: C:/Users/James/Documents/UW Classes/330/Project/Project/FSM.sv Line: 29
    Info (12023): Found entity 2: FSM_tb File: C:/Users/James/Documents/UW Classes/330/Project/Project/FSM.sv Line: 133
Info (12021): Found 2 design units, including 2 entities, in source file datapath.sv
    Info (12023): Found entity 1: Datapath File: C:/Users/James/Documents/UW Classes/330/Project/Project/Datapath.sv Line: 25
    Info (12023): Found entity 2: Datapath_tb File: C:/Users/James/Documents/UW Classes/330/Project/Project/Datapath.sv Line: 53
Info (12021): Found 1 design units, including 1 entities, in source file data_memory.sv
    Info (12023): Found entity 1: Data_Memory File: C:/Users/James/Documents/UW Classes/330/Project/Project/Data_Memory.sv Line: 6
Info (12021): Found 2 design units, including 2 entities, in source file control_unit.sv
    Info (12023): Found entity 1: Control_Unit File: C:/Users/James/Documents/UW Classes/330/Project/Project/Control_Unit.sv Line: 28
    Info (12023): Found entity 2: Control_Unit_tb File: C:/Users/James/Documents/UW Classes/330/Project/Project/Control_Unit.sv Line: 61
Info (12021): Found 2 design units, including 2 entities, in source file alu.sv
    Info (12023): Found entity 1: ALU File: C:/Users/James/Documents/UW Classes/330/Project/Project/ALU.sv Line: 8
    Info (12023): Found entity 2: ALU_tb File: C:/Users/James/Documents/UW Classes/330/Project/Project/ALU.sv Line: 45
Info (12021): Found 1 design units, including 1 entities, in source file alterarom.v
    Info (12023): Found entity 1: AlteraROM File: C:/Users/James/Documents/UW Classes/330/Project/Project/AlteraROM.v Line: 40
Info (12021): Found 1 design units, including 1 entities, in source file alteradmem.v
    Info (12023): Found entity 1: AlteraDmem File: C:/Users/James/Documents/UW Classes/330/Project/Project/AlteraDmem.v Line: 40
Info (12021): Found 1 design units, including 1 entities, in source file project.sv
    Info (12023): Found entity 1: Project File: C:/Users/James/Documents/UW Classes/330/Project/Project/Project.sv Line: 1
Info (12021): Found 1 design units, including 1 entities, in source file buttonsync.sv
    Info (12023): Found entity 1: ButtonSync File: C:/Users/James/Documents/UW Classes/330/Project/Project/ButtonSync.sv Line: 7
Info (12021): Found 1 design units, including 1 entities, in source file keyfilter.sv
    Info (12023): Found entity 1: KeyFilter File: C:/Users/James/Documents/UW Classes/330/Project/Project/KeyFilter.sv Line: 5
Info (12127): Elaborating entity "Project" for the top level hierarchy
Info (12128): Elaborating entity "ButtonSync" for hierarchy "ButtonSync:BS" File: C:/Users/James/Documents/UW Classes/330/Project/Project/Project.sv Line: 19
Info (12128): Elaborating entity "KeyFilter" for hierarchy "KeyFilter:Filter" File: C:/Users/James/Documents/UW Classes/330/Project/Project/Project.sv Line: 20
Info (12128): Elaborating entity "Processor" for hierarchy "Processor:processor" File: C:/Users/James/Documents/UW Classes/330/Project/Project/Project.sv Line: 23
Info (12128): Elaborating entity "Control_Unit" for hierarchy "Processor:processor|Control_Unit:Controller" File: C:/Users/James/Documents/UW Classes/330/Project/Project/Processor.sv Line: 36
Info (12128): Elaborating entity "InstructionMemory" for hierarchy "Processor:processor|Control_Unit:Controller|InstructionMemory:Imem" File: C:/Users/James/Documents/UW Classes/330/Project/Project/Control_Unit.sv Line: 42
Info (12128): Elaborating entity "AlteraROM" for hierarchy "Processor:processor|Control_Unit:Controller|InstructionMemory:Imem|AlteraROM:unit1" File: C:/Users/James/Documents/UW Classes/330/Project/Project/InstructionMemory.sv Line: 17
Info (12128): Elaborating entity "altsyncram" for hierarchy "Processor:processor|Control_Unit:Controller|InstructionMemory:Imem|AlteraROM:unit1|altsyncram:altsyncram_component" File: C:/Users/James/Documents/UW Classes/330/Project/Project/AlteraROM.v Line: 82
Info (12130): Elaborated megafunction instantiation "Processor:processor|Control_Unit:Controller|InstructionMemory:Imem|AlteraROM:unit1|altsyncram:altsyncram_component" File: C:/Users/James/Documents/UW Classes/330/Project/Project/AlteraROM.v Line: 82
Info (12133): Instantiated megafunction "Processor:processor|Control_Unit:Controller|InstructionMemory:Imem|AlteraROM:unit1|altsyncram:altsyncram_component" with the following parameter: File: C:/Users/James/Documents/UW Classes/330/Project/Project/AlteraROM.v Line: 82
    Info (12134): Parameter "address_aclr_a" = "NONE"
    Info (12134): Parameter "clock_enable_input_a" = "BYPASS"
    Info (12134): Parameter "clock_enable_output_a" = "BYPASS"
    Info (12134): Parameter "init_file" = "IM.mif"
    Info (12134): Parameter "intended_device_family" = "Cyclone IV E"
    Info (12134): Parameter "lpm_hint" = "ENABLE_RUNTIME_MOD=NO"
    Info (12134): Parameter "lpm_type" = "altsyncram"
    Info (12134): Parameter "numwords_a" = "128"
    Info (12134): Parameter "operation_mode" = "ROM"
    Info (12134): Parameter "outdata_aclr_a" = "NONE"
    Info (12134): Parameter "outdata_reg_a" = "UNREGISTERED"
    Info (12134): Parameter "widthad_a" = "7"
    Info (12134): Parameter "width_a" = "16"
    Info (12134): Parameter "width_byteena_a" = "1"
Info (12021): Found 1 design units, including 1 entities, in source file db/altsyncram_ni91.tdf
    Info (12023): Found entity 1: altsyncram_ni91 File: C:/Users/James/Documents/UW Classes/330/Project/Project/db/altsyncram_ni91.tdf Line: 28
Info (12128): Elaborating entity "altsyncram_ni91" for hierarchy "Processor:processor|Control_Unit:Controller|InstructionMemory:Imem|AlteraROM:unit1|altsyncram:altsyncram_component|altsyncram_ni91:auto_generated" File: c:/intelfpga_lite/20.1/quartus/libraries/megafunctions/altsyncram.tdf Line: 792
Info (12128): Elaborating entity "PC" for hierarchy "Processor:processor|Control_Unit:Controller|PC:pc" File: C:/Users/James/Documents/UW Classes/330/Project/Project/Control_Unit.sv Line: 45
Info (12128): Elaborating entity "IR" for hierarchy "Processor:processor|Control_Unit:Controller|IR:Instruction_Reg" File: C:/Users/James/Documents/UW Classes/330/Project/Project/Control_Unit.sv Line: 48
Info (12128): Elaborating entity "FSM" for hierarchy "Processor:processor|Control_Unit:Controller|FSM:controller" File: C:/Users/James/Documents/UW Classes/330/Project/Project/Control_Unit.sv Line: 52
Info (12128): Elaborating entity "Datapath" for hierarchy "Processor:processor|Datapath:Data_Path" File: C:/Users/James/Documents/UW Classes/330/Project/Project/Processor.sv Line: 39
Info (12128): Elaborating entity "Data_Memory" for hierarchy "Processor:processor|Datapath:Data_Path|Data_Memory:Dmem" File: C:/Users/James/Documents/UW Classes/330/Project/Project/Datapath.sv Line: 35
Info (12128): Elaborating entity "AlteraDmem" for hierarchy "Processor:processor|Datapath:Data_Path|Data_Memory:Dmem|AlteraDmem:unit0" File: C:/Users/James/Documents/UW Classes/330/Project/Project/Data_Memory.sv Line: 18
Info (12128): Elaborating entity "altsyncram" for hierarchy "Processor:processor|Datapath:Data_Path|Data_Memory:Dmem|AlteraDmem:unit0|altsyncram:altsyncram_component" File: C:/Users/James/Documents/UW Classes/330/Project/Project/AlteraDmem.v Line: 86
Info (12130): Elaborated megafunction instantiation "Processor:processor|Datapath:Data_Path|Data_Memory:Dmem|AlteraDmem:unit0|altsyncram:altsyncram_component" File: C:/Users/James/Documents/UW Classes/330/Project/Project/AlteraDmem.v Line: 86
Info (12133): Instantiated megafunction "Processor:processor|Datapath:Data_Path|Data_Memory:Dmem|AlteraDmem:unit0|altsyncram:altsyncram_component" with the following parameter: File: C:/Users/James/Documents/UW Classes/330/Project/Project/AlteraDmem.v Line: 86
    Info (12134): Parameter "clock_enable_input_a" = "BYPASS"
    Info (12134): Parameter "clock_enable_output_a" = "BYPASS"
    Info (12134): Parameter "init_file" = "myData.mif"
    Info (12134): Parameter "intended_device_family" = "Cyclone IV E"
    Info (12134): Parameter "lpm_hint" = "ENABLE_RUNTIME_MOD=NO"
    Info (12134): Parameter "lpm_type" = "altsyncram"
    Info (12134): Parameter "numwords_a" = "256"
    Info (12134): Parameter "operation_mode" = "SINGLE_PORT"
    Info (12134): Parameter "outdata_aclr_a" = "NONE"
    Info (12134): Parameter "outdata_reg_a" = "UNREGISTERED"
    Info (12134): Parameter "power_up_uninitialized" = "FALSE"
    Info (12134): Parameter "read_during_write_mode_port_a" = "OLD_DATA"
    Info (12134): Parameter "widthad_a" = "8"
    Info (12134): Parameter "width_a" = "16"
    Info (12134): Parameter "width_byteena_a" = "1"
Info (12021): Found 1 design units, including 1 entities, in source file db/altsyncram_u1h1.tdf
    Info (12023): Found entity 1: altsyncram_u1h1 File: C:/Users/James/Documents/UW Classes/330/Project/Project/db/altsyncram_u1h1.tdf Line: 28
Info (12128): Elaborating entity "altsyncram_u1h1" for hierarchy "Processor:processor|Datapath:Data_Path|Data_Memory:Dmem|AlteraDmem:unit0|altsyncram:altsyncram_component|altsyncram_u1h1:auto_generated" File: c:/intelfpga_lite/20.1/quartus/libraries/megafunctions/altsyncram.tdf Line: 792
Info (12128): Elaborating entity "Mux2_to_1" for hierarchy "Processor:processor|Datapath:Data_Path|Mux2_to_1:MUX" File: C:/Users/James/Documents/UW Classes/330/Project/Project/Datapath.sv Line: 41
Info (12128): Elaborating entity "Register" for hierarchy "Processor:processor|Datapath:Data_Path|Register:Reg" File: C:/Users/James/Documents/UW Classes/330/Project/Project/Datapath.sv Line: 44
Info (12128): Elaborating entity "ALU" for hierarchy "Processor:processor|Datapath:Data_Path|ALU:Alu" File: C:/Users/James/Documents/UW Classes/330/Project/Project/Datapath.sv Line: 48
Info (12128): Elaborating entity "Decoder" for hierarchy "Decoder:unit3" File: C:/Users/James/Documents/UW Classes/330/Project/Project/Project.sv Line: 25
Info (12128): Elaborating entity "outputSelect" for hierarchy "outputSelect:Selector" File: C:/Users/James/Documents/UW Classes/330/Project/Project/Project.sv Line: 30
Info (276014): Found 1 instances of uninferred RAM logic
    Info (276007): RAM logic "Processor:processor|Datapath:Data_Path|Register:Reg|regfile" is uninferred due to asynchronous read logic File: C:/Users/James/Documents/UW Classes/330/Project/Project/Register.sv Line: 17
Info (286030): Timing-Driven Synthesis is running
Info (17049): 1 registers lost all their fanouts during netlist optimizations.
Info (16010): Generating hard_block partition "hard_block:auto_generated_inst"
    Info (16011): Adding 0 node(s), including 0 DDIO, 0 PLL, 0 transceiver and 0 LCELL
Info (21057): Implemented 968 device resources after synthesis - the final resource count might be different
    Info (21058): Implemented 6 input pins
    Info (21059): Implemented 61 output pins
    Info (21061): Implemented 869 logic cells
    Info (21064): Implemented 32 RAM segments
Info: Quartus Prime Analysis & Synthesis was successful. 0 errors, 1 warning
    Info: Peak virtual memory: 4842 megabytes
    Info: Processing ended: Sat Jun 05 16:17:18 2021
    Info: Elapsed time: 00:00:08
    Info: Total CPU time (on all processors): 00:00:15


